77825 1
77825
77825 2
77825
77825 4
77825
77825 8
77825
77825 16
77825
77825 32
77825
77825 64

1